\BOOKMARK [0][-]{chapter.1}{\376\377\0001\000.\000\040\000B\000e\000v\000e\000z\000e\000t\000\351\000s\000,\000\040\000a\000\040\000s\000z\000o\000f\000t\000v\000e\000r\000\040\000c\000\351\000l\000j\000a}{}% 1
\BOOKMARK [0][-]{chapter.2}{\376\377\0002\000.\000\040\000P\000r\000o\000b\000l\000\351\000m\000a\000\040\040\024\000\040\000M\000e\000g\000o\000l\000d\000\341\000s}{}% 2
\BOOKMARK [1][-]{section.2.1}{\376\377\0002\000.\0001\000.\000\040\000A\000\040\000p\000r\000o\000b\000l\000\351\000m\000a\000\040\000m\000e\000g\000f\000o\000g\000a\000l\000m\000a\000z\000\341\000s\000a}{chapter.2}% 3
\BOOKMARK [1][-]{section.2.2}{\376\377\0002\000.\0002\000.\000\040\000A\000\040\000m\000e\000g\000o\000l\000d\000\341\000s}{chapter.2}% 4
\BOOKMARK [0][-]{chapter.3}{\376\377\0003\000.\000\040\000A\000\040\000p\000r\000o\000g\000r\000a\000m\000\040\000t\000e\000c\000h\000n\000o\000l\000\363\000g\000i\000a\000i\000\040\000h\000\341\000t\000t\000e\000r\000e}{}% 5
\BOOKMARK [1][-]{section.3.1}{\376\377\0003\000.\0001\000.\000\040\000V\000u\000e\000.\000j\000s\000\040\000\351\000s\000\040\000I\000n\000e\000r\000t\000i\000a\000.\000j\000s\000\040\000\050\000w\000e\000b\000e\000s\000\040\000k\000l\000i\000e\000n\000s\000\051}{chapter.3}% 6
\BOOKMARK [1][-]{section.3.2}{\376\377\0003\000.\0002\000.\000\040\000M\000A\000U\000I\000\040\000k\000l\000i\000e\000n\000s\000\040\000a\000l\000k\000a\000l\000m\000a\000z\000\341\000s}{chapter.3}% 7
\BOOKMARK [1][-]{section.3.3}{\376\377\0003\000.\0003\000.\000\040\000L\000a\000r\000a\000v\000e\000l}{chapter.3}% 8
\BOOKMARK [1][-]{section.3.4}{\376\377\0003\000.\0004\000.\000\040\000M\000y\000S\000Q\000L\000\040\000a\000d\000a\000t\000b\000\341\000z\000i\000s}{chapter.3}% 9
\BOOKMARK [1][-]{section.3.5}{\376\377\0003\000.\0005\000.\000\040\000p\000h\000p\000M\000y\000A\000d\000m\000i\000n}{chapter.3}% 10
\BOOKMARK [1][-]{section.3.6}{\376\377\0003\000.\0006\000.\000\040\000M\000a\000i\000l\000p\000i\000t}{chapter.3}% 11
\BOOKMARK [1][-]{section.3.7}{\376\377\0003\000.\0007\000.\000\040\000D\000o\000c\000k\000e\000r}{chapter.3}% 12
\BOOKMARK [0][-]{chapter.4}{\376\377\0004\000.\000\040\000F\000e\000j\000l\000e\000s\000z\000t\000\351\000s\000i\000\040\000e\000s\000z\000k\000\366\000z\000\366\000k\000\040\000\351\000s\000\040\000m\000\363\000d\000s\000z\000e\000r\000t\000a\000n}{}% 13
\BOOKMARK [1][-]{section.4.1}{\376\377\0004\000.\0001\000.\000\040\000G\000i\000t}{chapter.4}% 14
\BOOKMARK [1][-]{section.4.2}{\376\377\0004\000.\0002\000.\000\040\000T\000r\000e\000l\000l\000o}{chapter.4}% 15
\BOOKMARK [0][-]{chapter.5}{\376\377\0005\000.\000\040\000O\000n\000l\000y\000F\000i\000x\000\040\000a\000l\000k\000a\000l\000m\000a\000z\000\341\000s}{}% 16
\BOOKMARK [1][-]{section.5.1}{\376\377\0005\000.\0001\000.\000\040\000M\000i\000l\000y\000e\000n\000\040\000r\000\351\000s\000z\000e\000k\000b\001\121\000l\000\040\000\341\000l\000l\000?}{chapter.5}% 17
\BOOKMARK [1][-]{section.5.2}{\376\377\0005\000.\0002\000.\000\040\000F\000e\000l\000h\000a\000s\000z\000n\000\341\000l\000\363\000k}{chapter.5}% 18
\BOOKMARK [1][-]{section.5.3}{\376\377\0005\000.\0003\000.\000\040\000J\000e\000g\000y\000k\000e\000z\000e\000l\000\351\000s\000\040\040\024\000\040\000a\000\040\000f\000o\000l\000y\000a\000m\000a\000t\000\040\000b\000e\000m\000u\000t\000a\000t\000\341\000s\000a}{chapter.5}% 19
\BOOKMARK [0][-]{chapter.6}{\376\377\0006\000.\000\040\000M\000A\000U\000I\000\040\000A\000d\000m\000i\000n\000\040\000k\000l\000i\000e\000n\000s}{}% 20
\BOOKMARK [1][-]{section.6.1}{\376\377\0006\000.\0001\000.\000\040\000M\000i\000\351\000r\000t\000\040\000j\000\363\000?}{chapter.6}% 21
\BOOKMARK [1][-]{section.6.2}{\376\377\0006\000.\0002\000.\000\040\000K\000i\000k\000n\000e\000k\000\040\000s\000z\000\363\000l\000?}{chapter.6}% 22
\BOOKMARK [1][-]{section.6.3}{\376\377\0006\000.\0003\000.\000\040\000A\000\040\000f\000o\000l\000y\000a\000m\000a\000t\000\040\000b\000e\000m\000u\000t\000a\000t\000\341\000s\000a}{chapter.6}% 23
\BOOKMARK [0][-]{chapter*.2}{\376\377\000I\000r\000o\000d\000a\000l\000o\000m\000j\000e\000g\000y\000z\000\351\000k}{}% 24
